// Jest Snapshot v1, https://goo.gl/fbAQLP

exports[`<TextField /> Renders with error 1`] = `
.c2 {
  display: -webkit-box;
  display: -webkit-flex;
  display: -ms-flexbox;
  display: flex;
  background-color: #ffffff;
  border-radius: 0.8rem;
  padding: 0 1.6rem;
  border: 0.2rem solid;
  border-color: #ecedef;
  height: 65px;
  position: -webkit-sticky;
  position: sticky;
}

.c2:focus-within {
  border: 0.2rem solid #0f194b;
}

.c2:focus-within .icon-wrapper {
  color: #0f194b;
}

.c5 {
  color: #000000;
  font-size: 1.6rem;
  padding-top: 0.7rem;
  background: transparent;
  border: 0;
  outline: none;
  width: 100%;
  -webkit-transition: all 0.15s linear;
  transition: all 0.15s linear;
}

.c5::-webkit-input-placeholder {
  color: transparent;
}

.c5::-moz-placeholder {
  color: transparent;
}

.c5:-ms-input-placeholder {
  color: transparent;
}

.c5::placeholder {
  color: transparent;
}

.c5:focus + .label-wrapper,
.c5:not(:placeholder-shown) + .label-wrapper {
  top: -2px;
  left: 10px;
  background-color: #ffffff;
  padding: 0 0.5rem;
}

.c5:focus + .label-wrapper > label,
.c5:not(:placeholder-shown) + .label-wrapper > label {
  margin-top: -0.8rem;
  color: #0f194b;
  font-weight: 600;
}

.c6 {
  pointer-events: none;
  position: absolute;
  background-color: transparent;
  top: calc(50% - 0.8rem);
  left: 50px;
  display: -webkit-box;
  display: -webkit-flex;
  display: -ms-flexbox;
  display: flex;
  -webkit-align-items: center;
  -webkit-box-align: center;
  -ms-flex-align: center;
  align-items: center;
  -webkit-box-pack: center;
  -webkit-justify-content: center;
  -ms-flex-pack: center;
  justify-content: center;
  -webkit-transition: all 0.2s linear;
  transition: all 0.2s linear;
}

.c8 {
  font-size: 1.4rem;
  color: #707070;
}

.c4 {
  display: -webkit-box;
  display: -webkit-flex;
  display: -ms-flexbox;
  display: flex;
  -webkit-align-items: center;
  -webkit-box-align: center;
  -ms-flex-align: center;
  align-items: center;
  -webkit-box-pack: center;
  -webkit-justify-content: center;
  -ms-flex-pack: center;
  justify-content: center;
  width: 2.5rem;
  color: #a8a8a8;
  -webkit-order: 0;
  -ms-flex-order: 0;
  order: 0;
  margin-right: 0.8rem;
}

.c4 > svg {
  width: 100%;
}

.c9 {
  color: #fe5454;
  font-size: 1.2rem;
  margin-top: 0.2rem;
  margin-left: 0.5rem;
}

.c0 {
  padding-top: 13px;
}

.c0 .c1 {
  border-color: #fe5454;
}

.c0 .c7,
.c0 .c3 {
  color: #fe5454 !important;
}

<div
  class="c0"
>
  <div
    class="c1 c2"
  >
    <div
      class="c3 c4"
    >
      <svg
        data-testid="icon"
        fill="#215aff"
        viewBox="0 0 20.5 18"
        width="25"
        xmlns="http://www.w3.org/2000/svg"
      >
        <path
          d="M16.6 20.4a.8.8 0 0 1-.8-.8V18a2.4 2.4 0 0 0-2.4-2.4H7A2.4 2.4 0 0 0 4.6 18v1.6a.8.8 0 1 1-1.6 0V18a4 4 0 0 1 4-4h6.4a4 4 0 0 1 4 4v1.6a.8.8 0 0 1-.8.8Z"
          data-name="Caminho 3761"
          id="icon-user_svg__Caminho_3761"
          transform="translate(0 -2.4)"
        />
        <path
          d="M3-1a4 4 0 1 1-4 4 4 4 0 0 1 4-4Zm0 6.4A2.4 2.4 0 1 0 .6 3 2.4 2.4 0 0 0 3 5.4Z"
          data-name="Elipse 41"
          id="icon-user_svg__Elipse_41"
          transform="translate(7.2 3)"
        />
      </svg>
    </div>
    <input
      autocomplete="off"
      class="c5"
      placeholder=" "
      type="text"
      value=""
    />
    <span
      class="c6 label-wrapper"
    >
      <label
        class="c7 c8"
      >
        TextField
      </label>
    </span>
  </div>
  <p
    class="c9"
  >
    Error message
  </p>
</div>
`;
